PASS injection target net/minecraft/client/gui/screens/inventory/AbstractContainerScreen.render(Lnet/minecraft/client/gui/GuiGraphics;IIF)V
PASS injection target net/minecraft/client/gui/screens/inventory/AbstractContainerScreen.renderTooltip(Lnet/minecraft/client/gui/GuiGraphics;II)V
PASS injection target net/minecraft/client/gui/screens/inventory/AbstractContainerScreen.renderTooltip(Lnet/minecraft/client/gui/GuiGraphics;II)V
PASS injection target dev/latvian/mods/betteradvancedtooltips/BATClientEventHandler.onItemTooltip(Lnet/neoforged/neoforge/event/entity/player/ItemTooltipEvent;)V
PASS injection target dev/latvian/mods/betteradvancedtooltips/BATClientEventHandler.onItemTooltip(Lnet/neoforged/neoforge/event/entity/player/ItemTooltipEvent;)V
PASS injection target org/yanbwe/colortooltips/animation/TooltipAnimationSystem.onLiveItemObserved(Lnet/minecraft/world/item/ItemStack;)V
PASS injection target org/yanbwe/colortooltips/animation/TooltipAnimationSystem.setNeedsAnimatorReset(Z)V
PASS injection target org/yanbwe/colortooltips/animation/TooltipAnimationSystem.reset()V
PASS injection target org/yanbwe/colortooltips/animation/TooltipAnimationSystem.onFrameWithoutLiveItem()V
PASS injection target org/yanbwe/colortooltips/animation/TooltipAnimationSystem.update(Lnet/minecraft/world/item/ItemStack;Lorg/yanbwe/colortooltips/animation/TooltipTarget;)Lorg/yanbwe/colortooltips/animation/TooltipState;
PASS injection target org/yanbwe/colortooltips/animation/TooltipAnimator.reset()V
PASS injection target org/yanbwe/colortooltips/animation/TooltipAnimator.restartTransition()V
PASS injection target org/yanbwe/colortooltips/animation/TooltipAnimator.resetAlpha()V
PASS injection target org/yanbwe/colortooltips/animation/TooltipAnimator.resetAlphaToZero()V
PASS injection target org/yanbwe/colortooltips/animation/TooltipAnimator.forceInit(Lorg/yanbwe/colortooltips/animation/TooltipTarget;)V
PASS injection target org/yanbwe/colortooltips/animation/TooltipLifecycleEventBus.publish(Lorg/yanbwe/colortooltips/animation/TooltipLifecycleEventType;)V
PASS injection target net/neoforged/neoforge/event/EventHooks.onItemTooltip(Lnet/minecraft/world/item/ItemStack;Lnet/minecraft/world/entity/player/Player;Ljava/util/List;Lnet/minecraft/world/item/TooltipFlag;Lnet/minecraft/world/item/Item$TooltipContext;)Lnet/neoforged/neoforge/event/entity/player/ItemTooltipEvent;
PASS injection target net/neoforged/neoforge/event/EventHooks.onItemTooltip(Lnet/minecraft/world/item/ItemStack;Lnet/minecraft/world/entity/player/Player;Ljava/util/List;Lnet/minecraft/world/item/TooltipFlag;Lnet/minecraft/world/item/Item$TooltipContext;)Lnet/neoforged/neoforge/event/entity/player/ItemTooltipEvent;
PASS injection target net/neoforged/neoforge/event/EventHooks.onItemTooltip(Lnet/minecraft/world/item/ItemStack;Lnet/minecraft/world/entity/player/Player;Ljava/util/List;Lnet/minecraft/world/item/TooltipFlag;Lnet/minecraft/world/item/Item$TooltipContext;)Lnet/neoforged/neoforge/event/entity/player/ItemTooltipEvent;
PASS injection target net/neoforged/neoforge/event/EventHooks.onItemTooltip(Lnet/minecraft/world/item/ItemStack;Lnet/minecraft/world/entity/player/Player;Ljava/util/List;Lnet/minecraft/world/item/TooltipFlag;Lnet/minecraft/world/item/Item$TooltipContext;)Lnet/neoforged/neoforge/event/entity/player/ItemTooltipEvent;
PASS injection target net/minecraft/client/gui/GuiGraphics.renderTooltip(Lnet/minecraft/client/gui/Font;Lnet/minecraft/world/item/ItemStack;II)V
PASS injection target net/minecraft/client/gui/GuiGraphics.renderTooltipInternal(Lnet/minecraft/client/gui/Font;Ljava/util/List;IILnet/minecraft/client/gui/screens/inventory/tooltip/ClientTooltipPositioner;)V
PASS injection target net/minecraft/client/gui/GuiGraphics.renderTooltip(Lnet/minecraft/client/gui/Font;Ljava/util/List;Ljava/util/Optional;II)V
PASS injection target net/minecraft/client/gui/GuiGraphics.renderComponentTooltip(Lnet/minecraft/client/gui/Font;Ljava/util/List;II)V
PASS injection target net/minecraft/client/gui/GuiGraphics.renderTooltip(Lnet/minecraft/client/gui/Font;Ljava/util/List;II)V
PASS injection target net/minecraft/client/gui/GuiGraphics.renderTooltip(Lnet/minecraft/client/gui/Font;Ljava/util/List;Lnet/minecraft/client/gui/screens/inventory/tooltip/ClientTooltipPositioner;II)V
PASS injection target net/pixeldreamstudios/iconleadingtooltip/neoforge/client/IconLeadingTooltipNeoForgeClient.onItemTooltip(Lnet/neoforged/neoforge/event/entity/player/ItemTooltipEvent;)V
PASS injection target net/pixeldreamstudios/iconleadingtooltip/neoforge/client/IconLeadingTooltipNeoForgeClient.onItemTooltip(Lnet/neoforged/neoforge/event/entity/player/ItemTooltipEvent;)V
PASS injection target it/hurts/octostudios/immersiveui/util/CommonCode.renderFloating(Lnet/minecraft/client/gui/screens/Screen;Lnet/minecraft/client/gui/GuiGraphics;Lit/hurts/octostudios/immersiveui/client/MouseInfo;IILnet/minecraft/world/item/ItemStack;Ljava/util/Random;Lit/hurts/octostudios/immersiveui/client/RenderInfo;Ljava/lang/String;Lorg/spongepowered/asm/mixin/injection/callback/CallbackInfo;)V
PASS injection target net/minecraft/world/item/ItemStack.getTooltipLines(Lnet/minecraft/world/item/Item$TooltipContext;Lnet/minecraft/world/entity/player/Player;Lnet/minecraft/world/item/TooltipFlag;)Ljava/util/List;
PASS injection target net/minecraft/world/item/ItemStack.getTooltipLines(Lnet/minecraft/world/item/Item$TooltipContext;Lnet/minecraft/world/entity/player/Player;Lnet/minecraft/world/item/TooltipFlag;)Ljava/util/List;
PASS injection target net/neoforged/neoforge/event/entity/player/ItemTooltipEvent.<init>(Lnet/minecraft/world/item/ItemStack;Lnet/minecraft/world/entity/player/Player;Ljava/util/List;Lnet/minecraft/world/item/TooltipFlag;Lnet/minecraft/world/item/Item$TooltipContext;)V
PASS injection target mezz/jei/gui/overlay/ingredients/IngredientGrid.drawTooltips(Lnet/minecraft/client/Minecraft;Lnet/minecraft/client/gui/GuiGraphics;II)V
PASS injection target mezz/jei/gui/overlay/ingredients/IngredientGrid.drawTooltip(Lnet/minecraft/client/gui/GuiGraphics;IILmezz/jei/gui/overlay/elements/IElement;)V
PASS injection target mezz/jei/neoforge/platform/RenderHelper.renderTooltip(Lnet/minecraft/client/gui/GuiGraphics;Ljava/util/List;IILnet/minecraft/client/gui/Font;Lnet/minecraft/world/item/ItemStack;)V
PASS injection target mezz/jei/common/gui/JeiTooltip.draw(Lnet/minecraft/client/gui/GuiGraphics;II)V
PASS injection target mezz/jei/common/gui/JeiTooltip.prepareForIngredientTooltip(Lmezz/jei/api/ingredients/ITypedIngredient;Lmezz/jei/api/ingredients/IIngredientRenderer;Lmezz/jei/api/runtime/IIngredientManager;)Lmezz/jei/common/gui/JeiTooltip$TooltipRenderData;
PASS injection target mezz/jei/common/gui/JeiTooltip.draw(Lnet/minecraft/client/gui/GuiGraphics;IILmezz/jei/api/ingredients/ITypedIngredient;Lmezz/jei/api/ingredients/IIngredientRenderer;Lmezz/jei/api/runtime/IIngredientManager;)V
PASS injection target mezz/jei/common/gui/JeiTooltip.prepareForIngredientTooltip(Lmezz/jei/api/ingredients/ITypedIngredient;Lmezz/jei/api/ingredients/IIngredientRenderer;Lmezz/jei/api/runtime/IIngredientManager;)Lmezz/jei/common/gui/JeiTooltip$TooltipRenderData;
PASS injection target net/minecraft/client/gui/screens/Screen.renderWithTooltip(Lnet/minecraft/client/gui/GuiGraphics;IIF)V
PASS injection target net/sweenus/simplytooltips/client/render/TooltipRenderer.render(Lnet/minecraft/client/gui/GuiGraphics;Lnet/minecraft/client/gui/Font;Lnet/minecraft/world/item/ItemStack;Ljava/util/List;Lnet/sweenus/simplytooltips/api/TooltipProvider;IIII)V
PASS injection target net/sweenus/simplytooltips/client/render/TooltipRenderer.render(Lnet/minecraft/client/gui/GuiGraphics;Lnet/minecraft/client/gui/Font;Lnet/minecraft/world/item/ItemStack;Ljava/util/List;Lnet/sweenus/simplytooltips/api/TooltipProvider;Ljava/util/List;IIII)V
PASS injection target com/github/alexthe666/alexsmobs/event/ServerEvents.onTooltip(Lnet/neoforged/neoforge/event/entity/player/ItemTooltipEvent;)V
PASS injection target com/github/alexthe666/alexsmobs/event/ServerEvents.onTooltip(Lnet/neoforged/neoforge/event/entity/player/ItemTooltipEvent;)V
PASS injection target net/mehvahdjukaar/amendments/platform/ClientEvents.tooltipEvent(Lnet/neoforged/neoforge/event/entity/player/ItemTooltipEvent;)V
PASS injection target net/mehvahdjukaar/amendments/platform/ClientEvents.tooltipEvent(Lnet/neoforged/neoforge/event/entity/player/ItemTooltipEvent;)V
PASS injection target dev/shadowsoffire/apotheosis/client/AdventureModuleClient.affixTooltips(Lnet/neoforged/neoforge/event/entity/player/ItemTooltipEvent;)V
PASS injection target dev/shadowsoffire/apotheosis/client/AdventureModuleClient.affixTooltips(Lnet/neoforged/neoforge/event/entity/player/ItemTooltipEvent;)V
PASS injection target dev/shadowsoffire/apotheosis/client/AdventureModuleClient.showBlacklistedPotions(Lnet/neoforged/neoforge/event/entity/player/ItemTooltipEvent;)V
PASS injection target dev/shadowsoffire/apotheosis/client/AdventureModuleClient.showBlacklistedPotions(Lnet/neoforged/neoforge/event/entity/player/ItemTooltipEvent;)V
PASS injection target dev/shadowsoffire/apothic_attributes/client/AttributesLibClient.potionTooltips(Lnet/neoforged/neoforge/event/entity/player/ItemTooltipEvent;)V
PASS injection target dev/shadowsoffire/apothic_attributes/client/AttributesLibClient.potionTooltips(Lnet/neoforged/neoforge/event/entity/player/ItemTooltipEvent;)V
PASS injection target dev/muon/apothiccombat/TooltipHandler.onTooltip(Lnet/neoforged/neoforge/event/entity/player/ItemTooltipEvent;)V
PASS injection target dev/muon/apothiccombat/TooltipHandler.onTooltip(Lnet/neoforged/neoforge/event/entity/player/ItemTooltipEvent;)V
PASS injection target dev/shadowsoffire/apothic_enchanting/ApothEnchClient$ForgeBusEvents.tooltips(Lnet/neoforged/neoforge/event/entity/player/ItemTooltipEvent;)V
PASS injection target dev/shadowsoffire/apothic_enchanting/ApothEnchClient$ForgeBusEvents.tooltips(Lnet/neoforged/neoforge/event/entity/player/ItemTooltipEvent;)V
PASS injection target dev/shadowsoffire/apothic_spawners/ASEvents.handleTooltips(Lnet/neoforged/neoforge/event/entity/player/ItemTooltipEvent;)V
PASS injection target dev/shadowsoffire/apothic_spawners/ASEvents.handleTooltips(Lnet/neoforged/neoforge/event/entity/player/ItemTooltipEvent;)V
PASS injection target dev/architectury/event/forge/EventHandlerImplClient.event(Lnet/neoforged/neoforge/event/entity/player/ItemTooltipEvent;)V
PASS injection target dev/architectury/event/forge/EventHandlerImplClient.event(Lnet/neoforged/neoforge/event/entity/player/ItemTooltipEvent;)V
PASS injection target net/bettercombat/neoforge/client/NeoForgeClientEvents.onTooltip(Lnet/neoforged/neoforge/event/entity/player/ItemTooltipEvent;)V
PASS injection target net/bettercombat/neoforge/client/NeoForgeClientEvents.onTooltip(Lnet/neoforged/neoforge/event/entity/player/ItemTooltipEvent;)V
PASS injection target com/arxyt/colonypathingedition/core/event/ItemTooltipEvent.onItemTooltipEvent(Lnet/neoforged/neoforge/event/entity/player/ItemTooltipEvent;)V
PASS injection target com/arxyt/colonypathingedition/core/event/ItemTooltipEvent.onItemTooltipEvent(Lnet/neoforged/neoforge/event/entity/player/ItemTooltipEvent;)V
PASS injection target com/simibubi/create/foundation/events/ClientEvents.addToItemTooltip(Lnet/neoforged/neoforge/event/entity/player/ItemTooltipEvent;)V
PASS injection target com/simibubi/create/foundation/events/ClientEvents.addToItemTooltip(Lnet/neoforged/neoforge/event/entity/player/ItemTooltipEvent;)V
PASS injection target net/mcreator/createstuffadditions/procedures/DisableEnchantementTooltipProcedure.onItemTooltip(Lnet/neoforged/neoforge/event/entity/player/ItemTooltipEvent;)V
PASS injection target net/mcreator/createstuffadditions/procedures/DisableEnchantementTooltipProcedure.onItemTooltip(Lnet/neoforged/neoforge/event/entity/player/ItemTooltipEvent;)V
PASS injection target dev/averageanime/neoforge/item/TooltipEvents.onItemTooltip(Lnet/neoforged/neoforge/event/entity/player/ItemTooltipEvent;)V
PASS injection target dev/averageanime/neoforge/item/TooltipEvents.onItemTooltip(Lnet/neoforged/neoforge/event/entity/player/ItemTooltipEvent;)V
PASS injection target top/theillusivec4/curios/client/ClientEventHandler.onTooltip(Lnet/neoforged/neoforge/event/entity/player/ItemTooltipEvent;)V
PASS injection target top/theillusivec4/curios/client/ClientEventHandler.onTooltip(Lnet/neoforged/neoforge/event/entity/player/ItemTooltipEvent;)V
PASS injection target com/dtteam/dynamictrees/event/handler/ClientGameEventHandler.onItemTooltipAdded(Lnet/neoforged/neoforge/event/entity/player/ItemTooltipEvent;)V
PASS injection target com/dtteam/dynamictrees/event/handler/ClientGameEventHandler.onItemTooltipAdded(Lnet/neoforged/neoforge/event/entity/player/ItemTooltipEvent;)V
PASS injection target vectorwing/farmersdelight/client/event/TooltipEvents.addTooltipToVanillaSoups(Lnet/neoforged/neoforge/event/entity/player/ItemTooltipEvent;)V
PASS injection target vectorwing/farmersdelight/client/event/TooltipEvents.addTooltipToVanillaSoups(Lnet/neoforged/neoforge/event/entity/player/ItemTooltipEvent;)V
PASS injection target com/anthonyhilyard/iceberg/neoforge/client/IcebergNeoForgeClient$NeoForgeEvents.itemTooltipEvent(Lnet/neoforged/neoforge/event/entity/player/ItemTooltipEvent;)V
PASS injection target com/anthonyhilyard/iceberg/neoforge/client/IcebergNeoForgeClient$NeoForgeEvents.itemTooltipEvent(Lnet/neoforged/neoforge/event/entity/player/ItemTooltipEvent;)V
PASS injection target immersive_aircraft/neoforge/NeoForgeBusEvents.onItemTooltips(Lnet/neoforged/neoforge/event/entity/player/ItemTooltipEvent;)V
PASS injection target immersive_aircraft/neoforge/NeoForgeBusEvents.onItemTooltips(Lnet/neoforged/neoforge/event/entity/player/ItemTooltipEvent;)V
PASS injection target dev/latvian/mods/kubejs/client/KubeJSClientEventHandler.onItemTooltip(Lnet/neoforged/neoforge/event/entity/player/ItemTooltipEvent;)V
PASS injection target dev/latvian/mods/kubejs/client/KubeJSClientEventHandler.onItemTooltip(Lnet/neoforged/neoforge/event/entity/player/ItemTooltipEvent;)V
PASS injection target com/minecolonies/core/event/ClientEventHandler.onItemTooltipEvent(Lnet/neoforged/neoforge/event/entity/player/ItemTooltipEvent;)V
PASS injection target com/minecolonies/core/event/ClientEventHandler.onItemTooltipEvent(Lnet/neoforged/neoforge/event/entity/player/ItemTooltipEvent;)V
PASS injection target org/yanbwe/raritycore/client/RarityTooltipHandler.onItemTooltip(Lnet/neoforged/neoforge/event/entity/player/ItemTooltipEvent;)V
PASS injection target org/yanbwe/raritycore/client/RarityTooltipHandler.onItemTooltip(Lnet/neoforged/neoforge/event/entity/player/ItemTooltipEvent;)V
PASS injection target it/hurts/sskirillss/relics/client/handlers/DescriptionHandler.onItemTooltip(Lnet/neoforged/neoforge/event/entity/player/ItemTooltipEvent;)V
PASS injection target it/hurts/sskirillss/relics/client/handlers/DescriptionHandler.onItemTooltip(Lnet/neoforged/neoforge/event/entity/player/ItemTooltipEvent;)V
PASS injection target it/hurts/shatterbyte/reliquified_artifacts/handlers/TooltipHandler.onTooltip(Lnet/neoforged/neoforge/event/entity/player/ItemTooltipEvent;)V
PASS injection target it/hurts/shatterbyte/reliquified_artifacts/handlers/TooltipHandler.onTooltip(Lnet/neoforged/neoforge/event/entity/player/ItemTooltipEvent;)V
PASS injection target cy/jdkdigital/sgearmetalworks/event/EventHandler.itemTooltip(Lnet/neoforged/neoforge/event/entity/player/ItemTooltipEvent;)V
PASS injection target cy/jdkdigital/sgearmetalworks/event/EventHandler.itemTooltip(Lnet/neoforged/neoforge/event/entity/player/ItemTooltipEvent;)V
PASS injection target net/silentchaos512/gear/client/event/TooltipHandler.onTooltip(Lnet/neoforged/neoforge/event/entity/player/ItemTooltipEvent;)V
PASS injection target net/silentchaos512/gear/client/event/TooltipHandler.onTooltip(Lnet/neoforged/neoforge/event/entity/player/ItemTooltipEvent;)V
PASS injection target net/silentchaos512/gear/setup/SgDataComponents$TooltipHandler.onTooltip(Lnet/neoforged/neoforge/event/entity/player/ItemTooltipEvent;)V
PASS injection target net/silentchaos512/gear/setup/SgDataComponents$TooltipHandler.onTooltip(Lnet/neoforged/neoforge/event/entity/player/ItemTooltipEvent;)V
PASS injection target com/cazsius/solcarrot/client/TooltipHandler.onItemTooltip(Lnet/neoforged/neoforge/event/entity/player/ItemTooltipEvent;)V
PASS injection target com/cazsius/solcarrot/client/TooltipHandler.onItemTooltip(Lnet/neoforged/neoforge/event/entity/player/ItemTooltipEvent;)V
PASS injection target net/mehvahdjukaar/supplementaries/common/events/platform/ClientEventsForge.onItemTooltip(Lnet/neoforged/neoforge/event/entity/player/ItemTooltipEvent;)V
PASS injection target net/mehvahdjukaar/supplementaries/common/events/platform/ClientEventsForge.onItemTooltip(Lnet/neoforged/neoforge/event/entity/player/ItemTooltipEvent;)V
PASS injection target ovh/corail/tombstone/event/ClientEventHandler.handleTooltip(Lnet/neoforged/neoforge/event/entity/player/ItemTooltipEvent;)V
PASS injection target ovh/corail/tombstone/event/ClientEventHandler.handleTooltip(Lnet/neoforged/neoforge/event/entity/player/ItemTooltipEvent;)V
PASS real dependency linkage: 77 method instructions, 12 field instructions, 102 exact injection targets; all shadow fields exist; Inject.at arrays verified.
